// Jest Snapshot v1, https://goo.gl/fbAQLP

exports[`JsonModelService should create a new JsonModel based on directive ap 1`] = `
{
  "@context": undefined,
  "@id": "http://resource/EUDossier-Event/0-0",
  "@type": [
    "EUDossier",
    "Event",
  ],
  "contentsEvent": [],
  "euDossierProducesResourceLegal": [],
  "euDossierResponsibilityOfAgent": [],
  "eventRiskLevel": undefined,
  "hasDocument": [],
  "hasEventRemark": [],
  "identifier": [],
  "initiatedByActPreparatory": [],
  "initiatesTransposition": undefined,
  "isAboutConceptTypeDossier": [],
  "relatedToToDo": [],
  "title": {},
}
`;

exports[`JsonModelService should transform to a JsonModelFlatGraph 1`] = `
{
  "context": {
    "base": "http://example.org/",
    "prefix": {
      "rdf": "http://www.w3.org/1999/02/22-rdf-syntax-ns#",
      "rdfs": "http://www.w3.org/2000/01/rdf-schema#",
      "xsd": "http://www.w3.org/2001/XMLSchema#",
    },
  },
  "models": {
    "uri1": {
      "@id": "uri1",
      "@type": "root",
      "a": 4,
      "aNullStuff": null,
      "children": [
        "just a uri, the is no JsonModel",
        "uri3",
      ],
      "sibling": "uri2",
    },
    "uri2": {
      "@id": "uri2",
      "@type": "root",
      "b": [
        4,
        5,
        6,
      ],
      "sibling": "uri1",
    },
    "uri3": {
      "@id": "uri3",
      "@type": "root",
      "a": true,
      "parent": "uri1",
    },
  },
  "rootUri": "uri1",
}
`;

exports[`JsonModelService should transform treaty flat graph to JsonModel 1`] = `
{
  "@context": {
    "base": "http://example.org/",
    "prefix": {
      "rdf": "http://www.w3.org/1999/02/22-rdf-syntax-ns#",
      "rdfs": "http://www.w3.org/2000/01/rdf-schema#",
      "xsd": "http://www.w3.org/2001/XMLSchema#",
    },
  },
  "@facets": {
    "someTitle": "I love titles",
  },
  "@id": "https://fedlex.data.admin.ch/treatyProcess/9999/5414",
  "@type": "TreatyProcess",
  "bilateral": false,
  "confidentialTreaty": false,
  "producedIn": [
    {
      "@id": "new-model-uri-initiation-1-1583078160543",
      "@type": "Initiation",
      "eventHasRemark": [],
      "factor": {
        "@id": "new-model-uri-internationalactor-0-1583078160540",
        "@type": "InternationalActor",
        "partyOrganisationOfTreaty": [
          {
            "@id": "new-model-uri-treatyprocess-2-1583078162434",
            "@type": "TreatyProcess",
            "committeeCreationBasedOn": [],
            "hasRemark": [],
            "institutionInChargeOfTheTreatyLevel2": [],
            "producedIn": [],
            "titleTreaty": {
              "de": [
                "",
              ],
              "fr": [
                "a",
              ],
              "it": [
                "",
              ],
            },
            "treatyAppliesEULegalResource": [],
            "treatyBasedOnTreaty": [Circular],
            "treatyComment": [],
            "treatyCommentAboutValidity": [],
            "treatyDescription": [],
            "treatyHasEntryIntoForceScope": [],
            "treatyHasRatificationRestriction": [],
            "treatyLegalResourceForOtherParty": {
              "@id": "new-model-uri-eulegalresource-4-1583078162435",
              "@type": "EULegalResource",
            },
            "treatyLimitDateForSignature": [],
            "treatyLimitDateForSignatureComment": [],
            "treatyNotificationPublishedIn": [],
            "treatyNotificationPublishedInLabel": [],
            "treatyPartyCountry": [],
            "treatyPartyOrganisation": [Circular],
            "treatyProcessHasResultingTreatyDocument": [],
            "treatyProcessHasTask": [],
            "treatyRelatedLegalResource": [],
            "treatySubject": [],
            "treatyType": {
              "@id": "https://fedlex.data.admin.ch/vocabulary/treaty-type/2",
              "@type": "TreatyType",
            },
          },
        ],
      },
    },
  ],
  "titleTreaty": {
    "de": [
      "Protokoll",
    ],
    "en": [
      "Protocol",
    ],
    "fr": [
      "Protocole",
    ],
    "it": [
      "Protocollo",
    ],
  },
  "treatyAppliesEULegalResource": [
    {
      "@id": "http://publications.europa.eu/resource/cellar/d67cf7eb-de13-4bcb-9959-0dc0107e102e",
      "@type": "EULegalResource",
    },
    {
      "@id": "http://publications.europa.eu/resource/cellar/87245951-547e-11ea-aece-01aa75ed71a1",
      "@type": "EULegalResource",
    },
  ],
  "treatyComment": [
    "This is a comment",
  ],
  "treatyProcessHasResultingTreatyDocument": [
    {
      "@id": "https://fedlex.data.admin.ch/treatyProcess/9999/5414/document/1",
      "@type": "TreatyDocument",
    },
    {
      "@id": "https://fedlex.data.admin.ch/treatyProcess/9999/5414/document/2",
      "@type": "TreatyDocument",
    },
  ],
  "treatySignatureDate": "2017-11-22T00:00:00.000Z",
  "treatySignaturePlace": "Strasbourg",
}
`;
