// Jest Snapshot v1, https://goo.gl/fbAQLP

exports[`ApHelper should get EUDossier type 1`] = `
{
  "attributes": {
    "contentsEvent": {
      "attributeId": "contentsEvent",
      "rules": [
        {
          "name": "range",
          "value": {
            "name": "classId",
            "value": "EUEventLegal",
          },
        },
      ],
      "uri": "http://data.legilux.public.lu/resource/ontology/jolux#euDossierContentsEvent",
    },
    "euDossierProducesResourceLegal": {
      "attributeId": "euDossierProducesResourceLegal",
      "rules": [
        {
          "name": "range",
          "value": {
            "name": "classId",
            "value": "EULegalResource",
          },
        },
      ],
      "uri": "http://data.legilux.public.lu/resource/ontology/jolux#euDossierProducesResourceLegal",
    },
    "euDossierResponsibilityOfAgent": {
      "attributeId": "euDossierResponsibilityOfAgent",
      "rules": [
        {
          "name": "range",
          "value": {
            "name": "classId",
            "value": "EULegalInstitution",
          },
        },
      ],
      "uri": "http://data.legilux.public.lu/resource/ontology/jolux#euDossierResponsibilityOfAgent",
    },
    "eventRiskLevel": {
      "attributeId": "eventRiskLevel",
      "rules": [
        {
          "name": "range",
          "value": {
            "name": "datatype",
            "value": "http://www.w3.org/2000/01/rdf-schema#Resource",
          },
        },
        {
          "name": "maxCardinality",
          "value": 1,
        },
      ],
      "uri": "http://data.legilux.public.lu/resource/ontology/jolux#eventRiskLevel",
    },
    "hasDocument": {
      "attributeId": "hasDocument",
      "rules": [
        {
          "name": "range",
          "value": {
            "name": "classId",
            "value": "Document",
          },
        },
      ],
      "uri": "http://data.legilux.public.lu/resource/ontology/jolux#hasDocument",
    },
    "hasEventRemark": {
      "attributeId": "hasEventRemark",
      "rules": [
        {
          "name": "range",
          "value": {
            "name": "classId",
            "value": "Remark",
          },
        },
      ],
      "uri": "http://data.legilux.public.lu/resource/ontology/jolux#eventHasEventRemark",
    },
    "identifier": {
      "attributeId": "identifier",
      "rules": [
        {
          "name": "range",
          "value": {
            "name": "datatype",
            "value": "http://www.w3.org/2001/XMLSchema#string",
          },
        },
      ],
      "uri": "http://data.legilux.public.lu/resource/ontology/jolux#euDossierIdentifier",
    },
    "initiatedByActPreparatory": {
      "attributeId": "initiatedByActPreparatory",
      "rules": [
        {
          "name": "range",
          "value": {
            "name": "classId",
            "value": "EUPreparatoryAct",
          },
        },
      ],
      "uri": "http://data.legilux.public.lu/resource/ontology/jolux#euDossierInitiatedByActPreparatory",
    },
    "initiatesTransposition": {
      "attributeId": "initiatesTransposition",
      "rules": [
        {
          "name": "range",
          "value": {
            "name": "classId",
            "value": "Transposition",
          },
        },
        {
          "name": "minCardinality",
          "value": 1,
        },
        {
          "name": "maxCardinality",
          "value": 1,
        },
      ],
      "uri": "http://data.legilux.public.lu/resource/ontology/jolux#euDossierInitiatesTransposition",
    },
    "isAboutConceptTypeDossier": {
      "attributeId": "isAboutConceptTypeDossier",
      "rules": [
        {
          "name": "range",
          "value": {
            "name": "classId",
            "value": "EUDossierType",
          },
        },
      ],
      "uri": "http://data.legilux.public.lu/resource/ontology/jolux#euDossierIsAboutConceptTypeDossier",
    },
    "relatedToToDo": {
      "attributeId": "relatedToToDo",
      "rules": [
        {
          "name": "range",
          "value": {
            "name": "datatype",
            "value": "http://www.w3.org/2000/01/rdf-schema#Resource",
          },
        },
      ],
      "uri": "http://data.legilux.public.lu/resource/ontology/jolux#eventRelatedToToDo",
    },
    "title": {
      "attributeId": "title",
      "rules": [
        {
          "name": "range",
          "value": {
            "name": "datatype",
            "value": "http://www.w3.org/1999/02/22-rdf-syntax-ns#langString",
          },
        },
        {
          "name": "minCardinality",
          "value": 1,
        },
        {
          "name": "maxCardinality",
          "value": 1,
        },
      ],
      "uri": "http://data.legilux.public.lu/resource/ontology/jolux#euDossierTitle",
    },
  },
  "classIds": [
    "EUDossier",
  ],
  "rules": [
    {
      "name": "rdfTypes",
      "value": [
        "http://data.legilux.public.lu/resource/ontology/jolux#Event",
        "http://data.legilux.public.lu/resource/ontology/jolux#EUDossier",
      ],
    },
  ],
}
`;

exports[`ApHelper should get Event type 1`] = `
{
  "attributes": {
    "contentsEvent": {
      "attributeId": "contentsEvent",
      "rules": [
        {
          "name": "range",
          "value": {
            "name": "classId",
            "value": "EUEventLegal",
          },
        },
      ],
      "uri": "http://data.legilux.public.lu/resource/ontology/jolux#euDossierContentsEvent",
    },
    "euDossierProducesResourceLegal": {
      "attributeId": "euDossierProducesResourceLegal",
      "rules": [
        {
          "name": "range",
          "value": {
            "name": "classId",
            "value": "EULegalResource",
          },
        },
      ],
      "uri": "http://data.legilux.public.lu/resource/ontology/jolux#euDossierProducesResourceLegal",
    },
    "euDossierResponsibilityOfAgent": {
      "attributeId": "euDossierResponsibilityOfAgent",
      "rules": [
        {
          "name": "range",
          "value": {
            "name": "classId",
            "value": "EULegalInstitution",
          },
        },
      ],
      "uri": "http://data.legilux.public.lu/resource/ontology/jolux#euDossierResponsibilityOfAgent",
    },
    "eventRiskLevel": {
      "attributeId": "eventRiskLevel",
      "rules": [
        {
          "name": "range",
          "value": {
            "name": "datatype",
            "value": "http://www.w3.org/2000/01/rdf-schema#Resource",
          },
        },
        {
          "name": "maxCardinality",
          "value": 1,
        },
      ],
      "uri": "http://data.legilux.public.lu/resource/ontology/jolux#eventRiskLevel",
    },
    "hasDocument": {
      "attributeId": "hasDocument",
      "rules": [
        {
          "name": "range",
          "value": {
            "name": "classId",
            "value": "Document",
          },
        },
      ],
      "uri": "http://data.legilux.public.lu/resource/ontology/jolux#hasDocument",
    },
    "hasEventRemark": {
      "attributeId": "hasEventRemark",
      "rules": [
        {
          "name": "range",
          "value": {
            "name": "classId",
            "value": "Remark",
          },
        },
      ],
      "uri": "http://data.legilux.public.lu/resource/ontology/jolux#eventHasEventRemark",
    },
    "identifier": {
      "attributeId": "identifier",
      "rules": [
        {
          "name": "range",
          "value": {
            "name": "datatype",
            "value": "http://www.w3.org/2001/XMLSchema#string",
          },
        },
      ],
      "uri": "http://data.legilux.public.lu/resource/ontology/jolux#euDossierIdentifier",
    },
    "initiatedByActPreparatory": {
      "attributeId": "initiatedByActPreparatory",
      "rules": [
        {
          "name": "range",
          "value": {
            "name": "classId",
            "value": "EUPreparatoryAct",
          },
        },
      ],
      "uri": "http://data.legilux.public.lu/resource/ontology/jolux#euDossierInitiatedByActPreparatory",
    },
    "initiatesTransposition": {
      "attributeId": "initiatesTransposition",
      "rules": [
        {
          "name": "range",
          "value": {
            "name": "classId",
            "value": "Transposition",
          },
        },
        {
          "name": "minCardinality",
          "value": 1,
        },
        {
          "name": "maxCardinality",
          "value": 1,
        },
      ],
      "uri": "http://data.legilux.public.lu/resource/ontology/jolux#euDossierInitiatesTransposition",
    },
    "isAboutConceptTypeDossier": {
      "attributeId": "isAboutConceptTypeDossier",
      "rules": [
        {
          "name": "range",
          "value": {
            "name": "classId",
            "value": "EUDossierType",
          },
        },
      ],
      "uri": "http://data.legilux.public.lu/resource/ontology/jolux#euDossierIsAboutConceptTypeDossier",
    },
    "relatedToToDo": {
      "attributeId": "relatedToToDo",
      "rules": [
        {
          "name": "range",
          "value": {
            "name": "datatype",
            "value": "http://www.w3.org/2000/01/rdf-schema#Resource",
          },
        },
      ],
      "uri": "http://data.legilux.public.lu/resource/ontology/jolux#eventRelatedToToDo",
    },
    "title": {
      "attributeId": "title",
      "rules": [
        {
          "name": "range",
          "value": {
            "name": "datatype",
            "value": "http://www.w3.org/1999/02/22-rdf-syntax-ns#langString",
          },
        },
        {
          "name": "minCardinality",
          "value": 1,
        },
        {
          "name": "maxCardinality",
          "value": 1,
        },
      ],
      "uri": "http://data.legilux.public.lu/resource/ontology/jolux#euDossierTitle",
    },
  },
  "classIds": [
    "EUDossier",
  ],
  "rules": [
    {
      "name": "rdfTypes",
      "value": [
        "http://data.legilux.public.lu/resource/ontology/jolux#Event",
        "http://data.legilux.public.lu/resource/ontology/jolux#EUDossier",
      ],
    },
  ],
}
`;
